// Jest Snapshot v1, https://goo.gl/fbAQLP

exports[`RocketsLists renders correctly for reserved state 1`] = `<div />`;
